// Jest Snapshot v1, https://goo.gl/fbAQLP

exports[`ProductList presentation should render ProductList component 1`] = `
<Fragment>
  <div
    className="card-deck"
  >
    <div
      className="card"
      key="classic"
    >
      <div
        className="card-header text-center text-white bg-primary"
      >
        <h4
          className="card-title"
        >
          Classic Ad
        </h4>
      </div>
      <div
        className="card-body"
      >
        <div
          className="row"
        >
          <div
            className="col-md-3"
          >
            Price:
          </div>
          <div
            className="col-md-7"
          >
            $
            269.99
          </div>
        </div>
      </div>
      <div
        className="card-footer"
      >
        <button
          className="btn btn-primary"
          onClick={[Function]}
          type="button"
        >
          Add 1 item
        </button>
          
        <button
          className="btn btn-secondary"
          onClick={[Function]}
          type="button"
        >
          Remove 1 item
        </button>
      </div>
    </div>
    <div
      className="card"
      key="standout"
    >
      <div
        className="card-header text-center text-white bg-primary"
      >
        <h4
          className="card-title"
        >
          Standout Ad
        </h4>
      </div>
      <div
        className="card-body"
      >
        <div
          className="row"
        >
          <div
            className="col-md-3"
          >
            Price:
          </div>
          <div
            className="col-md-7"
          >
            $
            322.99
          </div>
        </div>
      </div>
      <div
        className="card-footer"
      >
        <button
          className="btn btn-primary"
          onClick={[Function]}
          type="button"
        >
          Add 1 item
        </button>
          
      </div>
    </div>
    <div
      className="card"
      key="premium"
    >
      <div
        className="card-header text-center text-white bg-primary"
      >
        <h4
          className="card-title"
        >
          Premium Ad
        </h4>
      </div>
      <div
        className="card-body"
      >
        <div
          className="row"
        >
          <div
            className="col-md-3"
          >
            Price:
          </div>
          <div
            className="col-md-7"
          >
            $
            394.99
          </div>
        </div>
      </div>
      <div
        className="card-footer"
      >
        <button
          className="btn btn-primary"
          onClick={[Function]}
          type="button"
        >
          Add 1 item
        </button>
          
        <button
          className="btn btn-secondary"
          onClick={[Function]}
          type="button"
        >
          Remove 1 item
        </button>
      </div>
    </div>
  </div>
  <br />
</Fragment>
`;
