// Jest Snapshot v1, https://goo.gl/fbAQLP

exports[`Spinner should render Spinner component when loading 1`] = `
<div
  className="row"
>
  <div
    className="col-md-12"
    key="0"
  >
    Gets a **5 for 4 deal on Classic Ads**
  </div>
  <div
    className="col-md-12"
    key="1"
  >
    Gets a discount on **Standout Ads where the price drops to $309.99 per ad**
  </div>
  <div
    className="col-md-12"
    key="2"
  >
    Gets a discount on **Premium Ads when 3 or more** are purchased. The price drops to **$389.99 per ad**
  </div>
</div>
`;
