// Jest Snapshot v1, https://goo.gl/fbAQLP

exports[`App presentation should render App component 1`] = `
<App
  loadProducts={[Function]}
/>
`;
